Could not find an exact method to use for NoOpOC with call_config of CREATE, specify the exact method using abi_method and args parameters, considered: create()void, bare