

op arg
op "arg"
op "//"
op "  //comment  "
op "\" //"
op "// \" //"
op ""

op 123
op 123
op ""
op "//"
op "//"