{"txn-group-sources": [{"sourcemap-location": "dummy", "hash": "EC1P8unO+zjVbdF8XZOs1rp+uaGNk7vXtZ/IYsN/sug="}, {"sourcemap-location": "dummy", "hash": "EC1P8unO+zjVbdF8XZOs1rp+uaGNk7vXtZ/IYsN/sug="}]}