Txn {txn} had error 'assert failed pc=1074' at PC 1074 and Source Line 639: 

	frame_dig -1
	extract 2 0
	bytec 4 // "Yes"
	==
	// passes delete check
	assert		<-- Error
	intc 5 // deletable
	// is deletable
	assert
	retsub