INFO: SampleApp not found in {creator_account} account, deploying app.
INFO: SampleApp (1.0) deployed successfully, with app id {app0}.
DEBUG: SampleApp found in {creator_account} account, with app id {app0}, version=1.0.
WARNING: Detected a breaking app schema change from Global: uints=0, byte_slices=0, Local: uints=0, byte_slices=0 to Global: uints=1, byte_slices=0, Local: uints=0, byte_slices=0.
INFO: DeploymentFailedError: Stopping deployment. If you want to delete and recreate the app then re-run with delete_app_on_schema_break=True