Txn {txn} had error 'assert failed pc=1228' at PC 1228 and Source Line 747:

	frame_dig -1
	extract 2 0
	bytec 4 // "Yes"
	==
	// passes close_out check
	assert		<-- Error
	intc_1 // 1
	return
	
	// call_with_payment