[{'app-budget-added': 700, 'app-budget-consumed': 35, 'failure-message': 'transaction {txn}: logic eval error: assert failed pc=743. Details: pc=743, opcodes=return; label54:; intc_0 // 0; assert', 'exec-trace': {'approval-program-hash': 'CO2ug98Zk0183ssuNBqmgNSpbfJmsAugNMWZsxZjjc0=', 'approval-program-trace': [{'pc': 1}, {'pc': 9}, {'pc': 38, 'stack-additions': [{'type': 2, 'uint': 2}]}, {'pc': 40, 'stack-additions': [{'type': 2}]}, {'pc': 41, 'stack-additions': [{'type': 2}], 'stack-pop-count': 2}, {'pc': 42, 'stack-pop-count': 1}, {'pc': 45, 'stack-additions': [{'bytes': 'U71hhg==', 'type': 1}]}, {'pc': 48, 'stack-additions': [{'bytes': 'Gdaxhg==', 'type': 1}]}, {'pc': 54, 'stack-additions': [{'type': 2}], 'stack-pop-count': 2}, {'pc': 55, 'stack-pop-count': 1}, {'pc': 58, 'stack-additions': [{'bytes': 'U71hhg==', 'type': 1}]}, {'pc': 61, 'stack-additions': [{'bytes': 'U71hhg==', 'type': 1}]}, {'pc': 67, 'stack-additions': [{'type': 2, 'uint': 1}], 'stack-pop-count': 2}, {'pc': 68, 'stack-pop-count': 1}, {'pc': 606, 'stack-additions': [{'type': 2}]}, {'pc': 608, 'stack-additions': [{'type': 2}]}, {'pc': 609, 'stack-additions': [{'type': 2, 'uint': 1}], 'stack-pop-count': 2}, {'pc': 610, 'stack-additions': [{'type': 2, 'uint': 3405}]}, {'pc': 612, 'stack-additions': [{'type': 2}]}, {'pc': 613, 'stack-additions': [{'type': 2, 'uint': 1}], 'stack-pop-count': 2}, {'pc': 614, 'stack-additions': [{'type': 2, 'uint': 1}], 'stack-pop-count': 2}, {'pc': 615, 'stack-pop-count': 1}, {'pc': 616}, {'pc': 1283}, {'pc': 1286, 'stack-additions': [{'type': 2}]}, {'pc': 1287, 'stack-additions': [{'bytes': 'AAAAAAAAAAE=', 'type': 1}]}, {'pc': 1290, 'stack-additions': [{'type': 2, 'uint': 1}], 'stack-pop-count': 1}, {'pc': 1291, 'stack-additions': [{'type': 2, 'uint': 1}], 'stack-pop-count': 2}, {'pc': 1293, 'stack-additions': [{'type': 2, 'uint': 1}]}, {'pc': 1295}, {'pc': 732}, {'pc': 735, 'stack-additions': [{'type': 2, 'uint': 1}]}, {'pc': 737, 'stack-pop-count': 1}, {'pc': 742, 'stack-additions': [{'type': 2}]}, {'pc': 743, 'stack-pop-count': 1}]}}]