Txn {txn} had error 'assert failed pc=1187' at PC 1187 and Source Line 719: 

	frame_dig -1
	extract 2 0
	bytec 4 // "Yes"
	==
	// passes opt_in check
	assert		<-- Error
	txn Sender
	bytec_3 // "last"
	pushbytes 0x4f707420496e2041726773 // "Opt In Args"
	app_local_put