INFO: SampleApp not found in {creator_account} account, deploying app.
INFO: SampleApp (1.0) deployed successfully, with app id {app0}.
DEBUG: SampleApp found in {creator_account} account, with app id {app0}, version=1.0.
INFO: Detected a TEAL update in app id {app0}
WARNING: Received delete_app_on_update=True. Creating new app and then deleting old one
INFO: Deploying SampleApp (2.0) in {creator_account} account.
INFO: SampleApp (2.0) deployed successfully, with app id {app1}.
INFO: Deleting SampleApp (1.0) in {creator_account} account, with app id {app0}