INFO: SampleApp not found in {creator_account} account, deploying app.
INFO: SampleApp (v1.0) deployed successfully, with app id {app0}.
DEBUG: SampleApp found in {creator_account} account, with app id {app0}, version=v1.0.
INFO: Detected a TEAL update in app id {app0}
WARNING: Cannot determine if App is updatable and on_update=UpdateApp, will attempt to update app
INFO: Updating SampleApp to v1.1 in {creator_account} account, with app id {app0}
ERROR: LogicError: assert failed pc=140