INFO: SampleApp not found in {creator_account} account, deploying app.
INFO: SampleApp (1.0) deployed successfully, with app id {app0}.
DEBUG: SampleApp found in {creator_account} account, with app id {app0}, version=1.0.
WARNING: Detected a breaking app schema change from: Global: uints=0, byte_slices=0, Local: uints=0, byte_slices=0 to Global: uints=1, byte_slices=0, Local: uints=0, byte_slices=0.
INFO: App is deletable and on_schema_break=ReplaceApp, will attempt to create new app and delete old app
INFO: Replacing SampleApp (1.0) with SampleApp (3.0) in {creator_account} account.
ERROR: Deployment failed: assert failed pc=153