INFO: SampleApp not found in {creator_account} account, deploying app.
INFO: SampleApp (1.0) deployed successfully, with app id {app0}.
DEBUG: SampleApp found in {creator_account} account, with app id {app0}, version=1.0.
INFO: Detected a TEAL update in app id {app0}
INFO: DeploymentFailedError: Stopping deployment. If you want to delete and recreate the app then re-run with delete_app_on_update=True