

op arg
op "arg"
op "//"
op "  //comment  "
op "\" //"
op "// \" //"
op ""

op 123
op 123
op ""
op "//"
op "//"
pushbytes base64(//8=)
pushbytes b64(//8=)

pushbytes base64(//8=)
pushbytes b64(//8=)
pushbytes "base64(//8=)"
pushbytes "b64(//8=)"

pushbytes base64 //8=
pushbytes b64 //8=

pushbytes base64 //8=
pushbytes b64 //8=
pushbytes "base64 //8="
pushbytes "b64 //8="
