
test 123 // TMPL_INT
test 123
no change
test 0x414243 // TMPL_STR
0x414243
0x414243 // TMPL_INT
0x414243 // foo //
0x414243 // bar
test "TMPL_STR" // not replaced
test "TMPL_STRING" // not replaced
test TMPL_STRING // not replaced
test TMPL_STRI // not replaced
test 0x414243 123 123 0x414243 // TMPL_STR TMPL_INT TMPL_INT TMPL_STR
test 123 0x414243 TMPL_STRING "TMPL_INT TMPL_STR TMPL_STRING" //TMPL_INT TMPL_STR TMPL_STRING
test 123 123 TMPL_STRING TMPL_STRING TMPL_STRING 123 TMPL_STRING //keep
0x414243 0x414243 0x414243
TMPL_STRING
test NOTTMPL_STR // not replaced
NOTTMPL_STR // not replaced
0x414243 // replaced