{
    "arcs": [],
    "bareActions": {
        "call": [],
        "create": [
            "NoOp"
        ]
    },
    "methods": [
        {
            "actions": {
                "call": [
                    "NoOp"
                ],
                "create": []
            },
            "args": [
                {
                    "type": "string",
                    "name": "name"
                }
            ],
            "name": "hello",
            "returns": {
                "type": "string"
            },
            "events": []
        }
    ],
    "name": "HelloWorld",
    "state": {
        "keys": {
            "box": {},
            "global": {},
            "local": {}
        },
        "maps": {
            "box": {},
            "global": {},
            "local": {}
        },
        "schema": {
            "global": {
                "bytes": 0,
                "ints": 0
            },
            "local": {
                "bytes": 0,
                "ints": 0
            }
        }
    },
    "structs": {},
    "source": {
        "approval": "I3ByYWdtYSB2ZXJzaW9uIDEwCgpzbWFydF9jb250cmFjdHMuaGVsbG9fd29ybGQuY29udHJhY3QuSGVsbG9Xb3JsZC5hcHByb3ZhbF9wcm9ncmFtOgogICAgaW50Y2Jsb2NrIDAgMQogICAgY2FsbHN1YiBfX3B1eWFfYXJjNF9yb3V0ZXJfXwogICAgcmV0dXJuCgoKLy8gc21hcnRfY29udHJhY3RzLmhlbGxvX3dvcmxkLmNvbnRyYWN0LkhlbGxvV29ybGQuX19wdXlhX2FyYzRfcm91dGVyX18oKSAtPiB1aW50NjQ6Cl9fcHV5YV9hcmM0X3JvdXRlcl9fOgogICAgLy8gc21hcnRfY29udHJhY3RzL2hlbGxvX3dvcmxkL2NvbnRyYWN0LnB5OjUKICAgIC8vIGNsYXNzIEhlbGxvV29ybGQoQVJDNENvbnRyYWN0KToKICAgIHByb3RvIDAgMQogICAgdHhuIE51bUFwcEFyZ3MKICAgIGJ6IF9fcHV5YV9hcmM0X3JvdXRlcl9fX2JhcmVfcm91dGluZ0A1CiAgICBwdXNoYnl0ZXMgMHgwMmJlY2UxMSAvLyBtZXRob2QgImhlbGxvKHN0cmluZylzdHJpbmciCiAgICB0eG5hIEFwcGxpY2F0aW9uQXJncyAwCiAgICBtYXRjaCBfX3B1eWFfYXJjNF9yb3V0ZXJfX19oZWxsb19yb3V0ZUAyCiAgICBpbnRjXzAgLy8gMAogICAgcmV0c3ViCgpfX3B1eWFfYXJjNF9yb3V0ZXJfX19oZWxsb19yb3V0ZUAyOgogICAgLy8gc21hcnRfY29udHJhY3RzL2hlbGxvX3dvcmxkL2NvbnRyYWN0LnB5OjYKICAgIC8vIEBhYmltZXRob2QoKQogICAgdHhuIE9uQ29tcGxldGlvbgogICAgIQogICAgYXNzZXJ0IC8vIE9uQ29tcGxldGlvbiBpcyBOb09wCiAgICB0eG4gQXBwbGljYXRpb25JRAogICAgYXNzZXJ0IC8vIGlzIG5vdCBjcmVhdGluZwogICAgLy8gc21hcnRfY29udHJhY3RzL2hlbGxvX3dvcmxkL2NvbnRyYWN0LnB5OjUKICAgIC8vIGNsYXNzIEhlbGxvV29ybGQoQVJDNENvbnRyYWN0KToKICAgIHR4bmEgQXBwbGljYXRpb25BcmdzIDEKICAgIGV4dHJhY3QgMiAwCiAgICAvLyBzbWFydF9jb250cmFjdHMvaGVsbG9fd29ybGQvY29udHJhY3QucHk6NgogICAgLy8gQGFiaW1ldGhvZCgpCiAgICBjYWxsc3ViIGhlbGxvCiAgICBkdXAKICAgIGxlbgogICAgaXRvYgogICAgZXh0cmFjdCA2IDIKICAgIHN3YXAKICAgIGNvbmNhdAogICAgcHVzaGJ5dGVzIDB4MTUxZjdjNzUKICAgIHN3YXAKICAgIGNvbmNhdAogICAgbG9nCiAgICBpbnRjXzEgLy8gMQogICAgcmV0c3ViCgpfX3B1eWFfYXJjNF9yb3V0ZXJfX19iYXJlX3JvdXRpbmdANToKICAgIC8vIHNtYXJ0X2NvbnRyYWN0cy9oZWxsb193b3JsZC9jb250cmFjdC5weTo1CiAgICAvLyBjbGFzcyBIZWxsb1dvcmxkKEFSQzRDb250cmFjdCk6CiAgICB0eG4gT25Db21wbGV0aW9uCiAgICBibnogX19wdXlhX2FyYzRfcm91dGVyX19fYWZ0ZXJfaWZfZWxzZUA5CiAgICB0eG4gQXBwbGljYXRpb25JRAogICAgIQogICAgYXNzZXJ0IC8vIGlzIGNyZWF0aW5nCiAgICBpbnRjXzEgLy8gMQogICAgcmV0c3ViCgpfX3B1eWFfYXJjNF9yb3V0ZXJfX19hZnRlcl9pZl9lbHNlQDk6CiAgICAvLyBzbWFydF9jb250cmFjdHMvaGVsbG9fd29ybGQvY29udHJhY3QucHk6NQogICAgLy8gY2xhc3MgSGVsbG9Xb3JsZChBUkM0Q29udHJhY3QpOgogICAgaW50Y18wIC8vIDAKICAgIHJldHN1YgoKCi8vIHNtYXJ0X2NvbnRyYWN0cy5oZWxsb193b3JsZC5jb250cmFjdC5IZWxsb1dvcmxkLmhlbGxvKG5hbWU6IGJ5dGVzKSAtPiBieXRlczoKaGVsbG86CiAgICAvLyBzbWFydF9jb250cmFjdHMvaGVsbG9fd29ybGQvY29udHJhY3QucHk6Ni03CiAgICAvLyBAYWJpbWV0aG9kKCkKICAgIC8vIGRlZiBoZWxsbyhzZWxmLCBuYW1lOiBTdHJpbmcpIC0+IFN0cmluZzoKICAgIHByb3RvIDEgMQogICAgLy8gc21hcnRfY29udHJhY3RzL2hlbGxvX3dvcmxkL2NvbnRyYWN0LnB5OjgKICAgIC8vIHJldHVybiAiSGVsbG8yLCAiICsgbmFtZQogICAgcHVzaGJ5dGVzICJIZWxsbzIsICIKICAgIGZyYW1lX2RpZyAtMQogICAgY29uY2F0CiAgICByZXRzdWIK",
        "clear": "I3ByYWdtYSB2ZXJzaW9uIDEwCgpzbWFydF9jb250cmFjdHMuaGVsbG9fd29ybGQuY29udHJhY3QuSGVsbG9Xb3JsZC5jbGVhcl9zdGF0ZV9wcm9ncmFtOgogICAgcHVzaGludCAxIC8vIDEKICAgIHJldHVybgo="
    }
}