{
    "arcs": [],
    "name": "HelloWorld",
    "structs": {},
    "methods": [
        {
            "name": "hello",
            "args": [
                {
                    "type": "string",
                    "name": "name"
                }
            ],
            "returns": {
                "type": "string"
            },
            "actions": {
                "create": [],
                "call": [
                    "NoOp"
                ]
            },
            "readonly": false,
            "events": []
        }
    ],
    "state": {
        "keys": {
            "global": {},
            "local": {},
            "box": {}
        },
        "maps": {
            "global": {},
            "local": {},
            "box": {}
        },
        "schemas": {
            "global": {
                "ints": 0,
                "bytes": 0
            },
            "local": {
                "ints": 0,
                "bytes": 0
            }
        }
    },
    "bare_actions": {
        "create": [
            "NoOp"
        ],
        "call": []
    },
    "source": {
        "approval": "#pragma version 10\n\nsmart_contracts.hello_world.contract.HelloWorld.approval_program:\n    intcblock 0 1\n    callsub __puya_arc4_router__\n    return\n\n\n// smart_contracts.hello_world.contract.HelloWorld.__puya_arc4_router__() -> uint64:\n__puya_arc4_router__:\n    // smart_contracts/hello_world/contract.py:5\n    // class HelloWorld(ARC4Contract):\n    proto 0 1\n    txn NumAppArgs\n    bz __puya_arc4_router___bare_routing@5\n    pushbytes 0x02bece11 // method \"hello(string)string\"\n    txna ApplicationArgs 0\n    match __puya_arc4_router___hello_route@2\n    intc_0 // 0\n    retsub\n\n__puya_arc4_router___hello_route@2:\n    // smart_contracts/hello_world/contract.py:6\n    // @abimethod()\n    txn OnCompletion\n    !\n    assert // OnCompletion is NoOp\n    txn ApplicationID\n    assert // is not creating\n    // smart_contracts/hello_world/contract.py:5\n    // class HelloWorld(ARC4Contract):\n    txna ApplicationArgs 1\n    extract 2 0\n    // smart_contracts/hello_world/contract.py:6\n    // @abimethod()\n    callsub hello\n    dup\n    len\n    itob\n    extract 6 2\n    swap\n    concat\n    pushbytes 0x151f7c75\n    swap\n    concat\n    log\n    intc_1 // 1\n    retsub\n\n__puya_arc4_router___bare_routing@5:\n    // smart_contracts/hello_world/contract.py:5\n    // class HelloWorld(ARC4Contract):\n    txn OnCompletion\n    bnz __puya_arc4_router___after_if_else@9\n    txn ApplicationID\n    !\n    assert // is creating\n    intc_1 // 1\n    retsub\n\n__puya_arc4_router___after_if_else@9:\n    // smart_contracts/hello_world/contract.py:5\n    // class HelloWorld(ARC4Contract):\n    intc_0 // 0\n    retsub\n\n\n// smart_contracts.hello_world.contract.HelloWorld.hello(name: bytes) -> bytes:\nhello:\n    // smart_contracts/hello_world/contract.py:6-7\n    // @abimethod()\n    // def hello(self, name: String) -> String:\n    proto 1 1\n    // smart_contracts/hello_world/contract.py:8\n    // return \"Hello2, \" + name\n    pushbytes \"Hello2, \"\n    frame_dig -1\n    concat\n    retsub",
        "clear": "#pragma version 10\n\nsmart_contracts.hello_world.contract.HelloWorld.clear_state_program:\n    pushint 1 // 1\n    return\n"
    }
}