{"txn-group-sources": [{"sourcemap-location": "dummy", "hash": "p0zHRDBy7V/S2TDcAaXYEd2OF8KSxV/1y0ceYEL6qxU="}, {"sourcemap-location": "dummy", "hash": "p0zHRDBy7V/S2TDcAaXYEd2OF8KSxV/1y0ceYEL6qxU="}]}