Cancelled transaction due to high network congestion fees. Algorand suggested fees would cause this transaction to cost 1000 µALGOs. Cap for this transaction is 123 µALGOs.