INFO: SampleApp not found in {creator_account} account, deploying app.
INFO: SampleApp (v1.0) deployed successfully, with app id {app0}.
DEBUG: SampleApp found in {creator_account} account, with app id {app0}, version=v1.0.
INFO: Detected a TEAL update in app id {app0}
WARNING: Cannot determine if App is updatable and on_update=ReplaceApp, will attempt to create new app and delete old app
INFO: Replacing SampleApp (v1.0) with SampleApp (v1.1) in {creator_account} account.
ERROR: LogicError: assert failed pc=153