INFO: SampleApp not found in {creator_account} account, deploying app.
INFO: SampleApp (1.0) deployed successfully, with app id {app0}.
DEBUG: SampleApp found in {creator_account} account, with app id {app0}, version=1.0.
WARNING: Detected a breaking app schema change: Global uints increased from 0 to 1
INFO: App is deletable and on_schema_break=ReplaceApp, will attempt to create new app and delete old app
INFO: Replacing SampleApp (1.0) with SampleApp (3.0) in {creator_account} account.
INFO: SampleApp (3.0) deployed successfully, with app id {app1}.
INFO: SampleApp (1.0) with app id {app0}, deleted successfully.