INFO: SampleApp not found in {creator_account} account, deploying app.
INFO: SampleApp (1.0) deployed successfully, with app id {app0}.
DEBUG: SampleApp found in {creator_account} account, with app id {app0}, version=1.0.
INFO: Detected a TEAL update in app id {app0}
ERROR: DeploymentFailedError: Update detected and on_update=Fail, stopping deployment. If you want to try updating the app then re-run with on_update=UpdateApp