INFO: SampleApp not found in {creator_account} account, deploying app.
INFO: SampleApp (1.0) deployed successfully, with app id {app0}.
DEBUG: SampleApp found in {creator_account} account, with app id {app0}, version=1.0.
INFO: Detected a TEAL update in app id {app0}
INFO: Update detected and on_update=AppendApp, will attempt to create new app
INFO: SampleApp (2.0) deployed successfully, with app id {app1}.